<html>
<body>
<pre>
<h1>µVision Build Log</h1>
<h2>Project:</h2>
C:\Users\dipancho\Desktop\lab6_files\lab6_files\lab6_ex1_4tasks\test1.uvproj
Project File Date:  11/19/2013

<h2>Output:</h2>
Rebuild target 'Target 1'
assembling startup_LPC17xx.s...
compiling RTX_Conf_CM.c...
compiling main_4tasks.c...
compiling GLCD_LPC1700.c...
compiling LED.c...
LED.c(42): warning:  #177-D: variable "i" was declared but never referenced
LED.c(58): warning:  #177-D: variable "i" was declared but never referenced
compiling system_LPC17xx.c...
linking...
Program Size: Code=9240 RO-data=5684 RW-data=80 ZI-data=5440  
".\test1.axf" - 0 Errors, 2 Warning(s).
Load "C:\\Users\\dipancho\\Desktop\\lab6_files\\lab6_files\\lab6_ex1_4tasks\\test1.axf" 
Erase Done.
Programming Done.
Verify OK.
